C51 COMPILER V9.54   LCD1602                                                               04/19/2024 21:22:25 PAGE 1   


C51 COMPILER V9.54, COMPILATION OF MODULE LCD1602
OBJECT MODULE PLACED IN .\Objects\LCD1602.obj
COMPILER INVOKED BY: E:\Keil5\C51\BIN\C51.EXE LCD1602.c OPTIMIZE(8,SPEED) BROWSE DEBUG OBJECTEXTEND PRINT(.\Listings\LCD
                    -1602.lst) OBJECT(.\Objects\LCD1602.obj)

line level    source

   1          #include <REGX52.H>
   2          
   3          //引脚配置：
   4          sbit LCD_RS=P1^5;
   5          sbit LCD_RW=P1^6;
   6          sbit LCD_EN=P1^7;
   7          #define LCD_DataPort P0
   8          
   9          //方波/正弦波图
  10          unsigned char code rec1[] = {0x00, 0x00, 0x0E, 0x0A, 0x0A, 0x1B, 0x00, 0x00};
  11          unsigned char code sin1[] = {0x00, 0x00, 0x0E, 0x11, 0x00, 0x00, 0x00, 0x00};
  12          unsigned char code sin2[] = {0x00, 0x00, 0x00, 0x00, 0x11, 0x0E, 0x00, 0x00};
  13          
  14          //函数定义：
  15          /**
  16            * @brief  LCD1602延时函数，12MHz调用可延时1ms
  17            * @param  无
  18            * @retval 无
  19            */
  20          void LCD_Delay()
  21          {
  22   1              unsigned char i, j;
  23   1      
  24   1              i = 2;
  25   1              j = 239;
  26   1              do
  27   1              {
  28   2                      while (--j);
  29   2              } while (--i);
  30   1      }
  31          
  32          /**
  33            * @brief  LCD1602写命令
  34            * @param  Command 要写入的命令
  35            * @retval 无
  36            */
  37          void LCD_WriteCommand(unsigned char Command)
  38          {
  39   1              LCD_RS=0;
  40   1              LCD_RW=0;
  41   1              LCD_DataPort=Command;
  42   1              LCD_EN=1;
  43   1              LCD_Delay();
  44   1              LCD_EN=0;
  45   1              LCD_Delay();
  46   1      }
  47          
  48          /**
  49            * @brief  LCD1602写数据
  50            * @param  Data 要写入的数据
  51            * @retval 无
  52            */
  53          void LCD_WriteData(unsigned char Data)
  54          {
C51 COMPILER V9.54   LCD1602                                                               04/19/2024 21:22:25 PAGE 2   

  55   1              LCD_RS=1;
  56   1              LCD_RW=0;
  57   1              LCD_DataPort=Data;
  58   1              LCD_EN=1;
  59   1              LCD_Delay();
  60   1              LCD_EN=0;
  61   1              LCD_Delay();
  62   1      }
  63          
  64          /**
  65            * @brief  LCD1602设置光标位置
  66            * @param  Line 行位置，范围：1~2
  67            * @param  Column 列位置，范围：1~16
  68            * @retval 无
  69            */
  70          void LCD_SetCursor(unsigned char Line,unsigned char Column)
  71          {
  72   1              if(Line==1)
  73   1              {
  74   2                      LCD_WriteCommand(0x80|(Column-1));
  75   2              }
  76   1              else if(Line==2)
  77   1              {
  78   2                      LCD_WriteCommand(0x80|(Column-1+0x40));
  79   2              }
  80   1      }
  81          
  82          /**
  83            * @brief  LCD1602初始化函数
  84            * @param  无
  85            * @retval 无
  86            */
  87          void LCD_Init()
  88          {
  89   1          int num;
  90   1              LCD_WriteCommand(0x38);//八位数据接口，两行显示，5*7点阵
  91   1              LCD_WriteCommand(0x0c);//显示开，光标关，闪烁关
  92   1              LCD_WriteCommand(0x06);//数据读写操作后，光标自动加一，画面不动
  93   1              LCD_WriteCommand(0x01);//光标复位，清屏
  94   1          
  95   1          //方波图标
  96   1          LCD_WriteCommand(0x40);
  97   1          for (num = 0; num<8; num++) {
  98   2              LCD_WriteData(rec1[num]);
  99   2          }
 100   1          LCD_Delay();
 101   1          
 102   1          //正弦波图标
 103   1          LCD_WriteCommand(0x48);
 104   1          for (num = 0; num<8; num++) {
 105   2              LCD_WriteData(sin1[num]);
 106   2          }
 107   1          LCD_Delay();
 108   1          
 109   1          LCD_WriteCommand(0x50);
 110   1          for (num = 0; num<8; num++) {
 111   2              LCD_WriteData(sin2[num]);
 112   2          }
 113   1          LCD_Delay();
 114   1      }
 115          
 116          void LCD_CLEAR()
C51 COMPILER V9.54   LCD1602                                                               04/19/2024 21:22:25 PAGE 3   

 117          {
 118   1          LCD_WriteCommand(0x01);
 119   1      }
 120          
 121          /**
 122            * @brief  在LCD1602指定位置上显示一个字符
 123            * @param  Line 行位置，范围：1~2
 124            * @param  Column 列位置，范围：1~16
 125            * @param  Char 要显示的字符
 126            * @retval 无
 127            */
 128          void LCD_ShowChar(unsigned char Line,unsigned char Column,char Char)
 129          {
 130   1              LCD_SetCursor(Line,Column);
 131   1              LCD_WriteData(Char);
 132   1      }
 133          
 134          /**
 135            * @brief  在LCD1602指定位置开始显示所给字符串
 136            * @param  Line 起始行位置，范围：1~2
 137            * @param  Column 起始列位置，范围：1~16
 138            * @param  String 要显示的字符串
 139            * @retval 无
 140            */
 141          void LCD_ShowString(unsigned char Line,unsigned char Column,char *String)
 142          {
 143   1              unsigned char i;
 144   1              LCD_SetCursor(Line,Column);
 145   1              for(i=0;String[i]!='\0';i++)
 146   1              {
 147   2                      LCD_WriteData(String[i]);
 148   2              }
 149   1      }
 150          
 151          /**
 152            * @brief  返回值=X的Y次方
 153            */
 154          int LCD_Pow(int X,int Y)
 155          {
 156   1              unsigned char i;
 157   1              int Result=1;
 158   1              for(i=0;i<Y;i++)
 159   1              {
 160   2                      Result*=X;
 161   2              }
 162   1              return Result;
 163   1      }
 164          
 165          /**
 166            * @brief  在LCD1602指定位置开始显示所给数字
 167            * @param  Line 起始行位置，范围：1~2
 168            * @param  Column 起始列位置，范围：1~16
 169            * @param  Number 要显示的数字，范围：0~65535
 170            * @param  Length 要显示数字的长度，范围：1~5
 171            * @retval 无
 172            */
 173          void LCD_ShowNum(unsigned char Line,unsigned char Column,unsigned int Number,unsigned char Length)
 174          {
 175   1              unsigned char i;
 176   1              LCD_SetCursor(Line,Column);
 177   1              for(i=Length;i>0;i--)
 178   1              {
C51 COMPILER V9.54   LCD1602                                                               04/19/2024 21:22:25 PAGE 4   

 179   2                      LCD_WriteData(Number/LCD_Pow(10,i-1)%10+'0');
 180   2              }
 181   1      }
 182          
 183          /**
 184            * @brief  在LCD1602指定位置开始以有符号十进制显示所给数字
 185            * @param  Line 起始行位置，范围：1~2
 186            * @param  Column 起始列位置，范围：1~16
 187            * @param  Number 要显示的数字，范围：-32768~32767
 188            * @param  Length 要显示数字的长度，范围：1~5
 189            * @retval 无
 190            */
 191          void LCD_ShowSignedNum(unsigned char Line,unsigned char Column,int Number,unsigned char Length)
 192          {
 193   1              unsigned char i;
 194   1              unsigned int Number1;
 195   1              LCD_SetCursor(Line,Column);
 196   1              if(Number>=0)
 197   1              {
 198   2                      LCD_WriteData('+');
 199   2                      Number1=Number;
 200   2              }
 201   1              else
 202   1              {
 203   2                      LCD_WriteData('-');
 204   2                      Number1=-Number;
 205   2              }
 206   1              for(i=Length;i>0;i--)
 207   1              {
 208   2                      LCD_WriteData(Number1/LCD_Pow(10,i-1)%10+'0');
 209   2              }
 210   1      }
 211          
 212          /**
 213            * @brief  在LCD1602指定位置开始以十六进制显示所给数字
 214            * @param  Line 起始行位置，范围：1~2
 215            * @param  Column 起始列位置，范围：1~16
 216            * @param  Number 要显示的数字，范围：0~0xFFFF
 217            * @param  Length 要显示数字的长度，范围：1~4
 218            * @retval 无
 219            */
 220          void LCD_ShowHexNum(unsigned char Line,unsigned char Column,unsigned int Number,unsigned char Length)
 221          {
 222   1              unsigned char i,SingleNumber;
 223   1              LCD_SetCursor(Line,Column);
 224   1              for(i=Length;i>0;i--)
 225   1              {
 226   2                      SingleNumber=Number/LCD_Pow(16,i-1)%16;
 227   2                      if(SingleNumber<10)
 228   2                      {
 229   3                              LCD_WriteData(SingleNumber+'0');
 230   3                      }
 231   2                      else
 232   2                      {
 233   3                              LCD_WriteData(SingleNumber-10+'A');
 234   3                      }
 235   2              }
 236   1      }
 237          
 238          /**
 239            * @brief  在LCD1602指定位置开始以二进制显示所给数字
 240            * @param  Line 起始行位置，范围：1~2
C51 COMPILER V9.54   LCD1602                                                               04/19/2024 21:22:25 PAGE 5   

 241            * @param  Column 起始列位置，范围：1~16
 242            * @param  Number 要显示的数字，范围：0~1111 1111 1111 1111
 243            * @param  Length 要显示数字的长度，范围：1~16
 244            * @retval 无
 245            */
 246          void LCD_ShowBinNum(unsigned char Line,unsigned char Column,unsigned int Number,unsigned char Length)
 247          {
 248   1              unsigned char i;
 249   1              LCD_SetCursor(Line,Column);
 250   1              for(i=Length;i>0;i--)
 251   1              {
 252   2                      LCD_WriteData(Number/LCD_Pow(2,i-1)%2+'0');
 253   2              }
 254   1      }
 255          
 256          /*
 257            * @brief  显示用户自定义数据
 258            * @param  Line 起始行位置，范围：1~2
 259            * @param  Column 起始列位置，范围：1~16
 260            * @param  Num 第几个自定义数据
 261            * @return none        
 262            * @note   none
 263           */
 264          void LCD_ShowCustomChar(unsigned char Line,unsigned char Column,unsigned char Num)
 265          {
 266   1          LCD_SetCursor(Line,Column);
 267   1          LCD_WriteData(Num-1);
 268   1      }


MODULE INFORMATION:   STATIC OVERLAYABLE
   CODE SIZE        =    521    ----
   CONSTANT SIZE    =     24    ----
   XDATA SIZE       =   ----    ----
   PDATA SIZE       =   ----    ----
   DATA SIZE        =   ----      29
   IDATA SIZE       =   ----    ----
   BIT SIZE         =   ----    ----
END OF MODULE INFORMATION.


C51 COMPILATION COMPLETE.  0 WARNING(S),  0 ERROR(S)
